QuantBase 自动化测试报告
时间: 2026-02-08 01:22:11
================================

通过: 105
失败: 0
跳过: 0
总计: 105

✓ 全部测试通过！无 BUG。
